 
****************************************
Report : area
Design : fir_filter_16_tap
Version: V-2023.12-SP4
Date   : Fri Nov 28 23:22:01 2025
****************************************

Information: Updating design information... (UID-85)
Warning: Design 'fir_filter_16_tap' contains 1 high-fanout nets. A fanout number of 1000 will be used for delay calculations involving these nets. (TIM-134)
Library(s) Used:

    gtech (File: /home/synopsys/installs/syn/V-2023.12-SP4/libraries/syn/gtech.db)

Number of ports:                        83843
Number of nets:                        123940
Number of cells:                        21505
Number of combinational cells:          19618
Number of sequential cells:               560
Number of macros/black boxes:               0
Number of buf/inv:                       2066
Number of references:                       5

Combinational area:                  0.000000
Buf/Inv area:                        0.000000
Noncombinational area:               0.000000
Macro/Black Box area:                0.000000
Net Interconnect area:           27164.925879

Total cell area:                     0.000000
Total area:                      27164.925879

Information: This design contains unmapped logic. (RPT-7)
1
