 
****************************************
Report : area
Design : fir_filter_16tap
Version: V-2023.12-SP4
Date   : Fri May 30 17:38:34 2025
****************************************

Library(s) Used:

    saed14hvt_base_tt0p8v25c (File: /home/synopsys/installs/LIBRARIES/SAED14nm_EDK_08_2024/SAED14nm_EDK_STD_HVT/liberty/nldm/base/saed14hvt_base_tt0p8v25c.db)
    saed14lvt_base_tt0p8v25c (File: /home/synopsys/installs/LIBRARIES/SAED14nm_EDK_08_2024/SAED14nm_EDK_STD_LVT/liberty/nldm/base/saed14lvt_base_tt0p8v25c.db)
    saed14rvt_base_tt0p8v25c (File: /home/synopsys/installs/LIBRARIES/SAED14nm_EDK_08_2024/SAED14nm_EDK_STD_RVT/liberty/nldm/base/saed14rvt_base_tt0p8v25c.db)

Number of ports:                        22433
Number of nets:                         54975
Number of cells:                        26660
Number of combinational cells:          25685
Number of sequential cells:               288
Number of macros/black boxes:               0
Number of buf/inv:                       7074
Number of references:                      35

Combinational area:              13588.086868
Buf/Inv area:                     1668.063583
Noncombinational area:             306.892811
Macro/Black Box area:                0.000000
Net Interconnect area:           11685.220179

Total cell area:                 13894.979679
Total area:                      25580.199858
1
